------------------------------------------------------------
Timing Analyzer Summary
------------------------------------------------------------

Type  : Slow 1200mV 85C Model Setup 'MAX10_CLK1_50'
Slack : -882.223
TNS   : -8821.295

Type  : Slow 1200mV 85C Model Setup 'my_PLL_inst|altpll_component|auto_generated|pll1|clk[0]'
Slack : -1.349
TNS   : -6.626

Type  : Slow 1200mV 85C Model Hold 'MAX10_CLK1_50'
Slack : 0.341
TNS   : 0.000

Type  : Slow 1200mV 85C Model Hold 'my_PLL_inst|altpll_component|auto_generated|pll1|clk[0]'
Slack : 6.118
TNS   : 0.000

Type  : Slow 1200mV 85C Model Minimum Pulse Width 'my_PLL_inst|altpll_component|auto_generated|pll1|clk[0]'
Slack : 4.575
TNS   : 0.000

Type  : Slow 1200mV 85C Model Minimum Pulse Width 'MAX10_CLK1_50'
Slack : 9.617
TNS   : 0.000

Type  : Slow 1200mV 0C Model Setup 'MAX10_CLK1_50'
Slack : -874.122
TNS   : -8740.428

Type  : Slow 1200mV 0C Model Setup 'my_PLL_inst|altpll_component|auto_generated|pll1|clk[0]'
Slack : 0.043
TNS   : 0.000

Type  : Slow 1200mV 0C Model Hold 'MAX10_CLK1_50'
Slack : 0.306
TNS   : 0.000

Type  : Slow 1200mV 0C Model Hold 'my_PLL_inst|altpll_component|auto_generated|pll1|clk[0]'
Slack : 4.740
TNS   : 0.000

Type  : Slow 1200mV 0C Model Minimum Pulse Width 'my_PLL_inst|altpll_component|auto_generated|pll1|clk[0]'
Slack : 4.631
TNS   : 0.000

Type  : Slow 1200mV 0C Model Minimum Pulse Width 'MAX10_CLK1_50'
Slack : 9.645
TNS   : 0.000

Type  : Fast 1200mV 0C Model Setup 'MAX10_CLK1_50'
Slack : -834.142
TNS   : -8340.954

Type  : Fast 1200mV 0C Model Setup 'my_PLL_inst|altpll_component|auto_generated|pll1|clk[0]'
Slack : 6.249
TNS   : 0.000

Type  : Fast 1200mV 0C Model Hold 'my_PLL_inst|altpll_component|auto_generated|pll1|clk[0]'
Slack : -0.231
TNS   : -0.496

Type  : Fast 1200mV 0C Model Hold 'MAX10_CLK1_50'
Slack : 0.148
TNS   : 0.000

Type  : Fast 1200mV 0C Model Minimum Pulse Width 'my_PLL_inst|altpll_component|auto_generated|pll1|clk[0]'
Slack : 4.903
TNS   : 0.000

Type  : Fast 1200mV 0C Model Minimum Pulse Width 'MAX10_CLK1_50'
Slack : 9.234
TNS   : 0.000

------------------------------------------------------------
